[debug] [2026-01-14T19:46:02.703Z] > command requires scopes: ["email","openid","https://www.googleapis.com/auth/cloudplatformprojects.readonly","https://www.googleapis.com/auth/firebase","https://www.googleapis.com/auth/cloud-platform"]
[debug] [2026-01-14T19:46:02.705Z] > authorizing via signed-in user (lumachadolp@gmail.com)
[debug] [2026-01-14T19:46:02.788Z] > command requires scopes: ["email","openid","https://www.googleapis.com/auth/cloudplatformprojects.readonly","https://www.googleapis.com/auth/firebase","https://www.googleapis.com/auth/cloud-platform"]
[debug] [2026-01-14T19:46:02.788Z] > authorizing via signed-in user (lumachadolp@gmail.com)
[debug] [2026-01-14T19:46:02.847Z] Checked if tokens are valid: false, expires at: 1768403463129
[debug] [2026-01-14T19:46:02.847Z] Checked if tokens are valid: false, expires at: 1768403463129
[debug] [2026-01-14T19:46:02.848Z] > refreshing access token with scopes: []
[debug] [2026-01-14T19:46:02.849Z] >>> [apiv2][query] POST https://www.googleapis.com/oauth2/v3/token [none]
[debug] [2026-01-14T19:46:02.850Z] >>> [apiv2][body] POST https://www.googleapis.com/oauth2/v3/token [omitted]
[debug] [2026-01-14T19:46:02.886Z] Checked if tokens are valid: false, expires at: 1768403463129
[debug] [2026-01-14T19:46:02.886Z] Checked if tokens are valid: false, expires at: 1768403463129
[debug] [2026-01-14T19:46:02.886Z] > refreshing access token with scopes: []
[debug] [2026-01-14T19:46:02.887Z] >>> [apiv2][query] POST https://www.googleapis.com/oauth2/v3/token [none]
[debug] [2026-01-14T19:46:02.887Z] >>> [apiv2][body] POST https://www.googleapis.com/oauth2/v3/token [omitted]
[debug] [2026-01-14T19:46:03.521Z] <<< [apiv2][status] POST https://www.googleapis.com/oauth2/v3/token 200
[debug] [2026-01-14T19:46:03.522Z] <<< [apiv2][body] POST https://www.googleapis.com/oauth2/v3/token [omitted]
[debug] [2026-01-14T19:46:03.547Z] >>> [apiv2][query] GET https://serviceusage.googleapis.com/v1/projects//services/firebaseappdistribution.googleapis.com [none]
[debug] [2026-01-14T19:46:03.547Z] >>> [apiv2][(partial)header] GET https://serviceusage.googleapis.com/v1/projects//services/firebaseappdistribution.googleapis.com x-goog-quota-user=projects/
[debug] [2026-01-14T19:46:03.549Z] <<< [apiv2][status] POST https://www.googleapis.com/oauth2/v3/token 200
[debug] [2026-01-14T19:46:03.549Z] <<< [apiv2][body] POST https://www.googleapis.com/oauth2/v3/token [omitted]
[debug] [2026-01-14T19:46:03.559Z] >>> [apiv2][query] GET https://serviceusage.googleapis.com/v1/projects//services/firebaseappdistribution.googleapis.com [none]
[debug] [2026-01-14T19:46:03.560Z] >>> [apiv2][(partial)header] GET https://serviceusage.googleapis.com/v1/projects//services/firebaseappdistribution.googleapis.com x-goog-quota-user=projects/
[debug] [2026-01-14T19:46:04.789Z] <<< [apiv2][status] GET https://serviceusage.googleapis.com/v1/projects//services/firebaseappdistribution.googleapis.com 400
[debug] [2026-01-14T19:46:04.789Z] <<< [apiv2][body] GET https://serviceusage.googleapis.com/v1/projects//services/firebaseappdistribution.googleapis.com [omitted]
[debug] [2026-01-14T19:46:04.816Z] <<< [apiv2][status] GET https://serviceusage.googleapis.com/v1/projects//services/firebaseappdistribution.googleapis.com 400
[debug] [2026-01-14T19:46:04.816Z] <<< [apiv2][body] GET https://serviceusage.googleapis.com/v1/projects//services/firebaseappdistribution.googleapis.com [omitted]
[debug] [2026-01-14T19:46:04.818Z] > command requires scopes: ["email","openid","https://www.googleapis.com/auth/cloudplatformprojects.readonly","https://www.googleapis.com/auth/firebase","https://www.googleapis.com/auth/cloud-platform"]
[debug] [2026-01-14T19:46:04.818Z] > authorizing via signed-in user (lumachadolp@gmail.com)
[debug] [2026-01-14T19:46:04.818Z] > command requires scopes: ["email","openid","https://www.googleapis.com/auth/cloudplatformprojects.readonly","https://www.googleapis.com/auth/firebase","https://www.googleapis.com/auth/cloud-platform"]
[debug] [2026-01-14T19:46:04.818Z] > authorizing via signed-in user (lumachadolp@gmail.com)
[debug] [2026-01-14T19:46:04.820Z] > command requires scopes: ["email","openid","https://www.googleapis.com/auth/cloudplatformprojects.readonly","https://www.googleapis.com/auth/firebase","https://www.googleapis.com/auth/cloud-platform"]
[debug] [2026-01-14T19:46:04.821Z] > authorizing via signed-in user (lumachadolp@gmail.com)
[debug] [2026-01-14T19:46:04.821Z] > command requires scopes: ["email","openid","https://www.googleapis.com/auth/cloudplatformprojects.readonly","https://www.googleapis.com/auth/firebase","https://www.googleapis.com/auth/cloud-platform"]
[debug] [2026-01-14T19:46:04.821Z] > authorizing via signed-in user (lumachadolp@gmail.com)
[debug] [2026-01-15T11:23:37.563Z] > command requires scopes: ["email","openid","https://www.googleapis.com/auth/cloudplatformprojects.readonly","https://www.googleapis.com/auth/firebase","https://www.googleapis.com/auth/cloud-platform"]
[debug] [2026-01-15T11:23:37.565Z] > authorizing via signed-in user (lumachadolp@gmail.com)
[debug] [2026-01-15T11:23:37.634Z] > command requires scopes: ["email","openid","https://www.googleapis.com/auth/cloudplatformprojects.readonly","https://www.googleapis.com/auth/firebase","https://www.googleapis.com/auth/cloud-platform"]
[debug] [2026-01-15T11:23:37.634Z] > authorizing via signed-in user (lumachadolp@gmail.com)
[debug] [2026-01-15T11:23:37.696Z] Checked if tokens are valid: true, expires at: 1768479711552
[debug] [2026-01-15T11:23:37.696Z] Checked if tokens are valid: true, expires at: 1768479711552
[debug] [2026-01-15T11:23:37.697Z] >>> [apiv2][query] GET https://serviceusage.googleapis.com/v1/projects//services/firebaseappdistribution.googleapis.com [none]
[debug] [2026-01-15T11:23:37.697Z] >>> [apiv2][(partial)header] GET https://serviceusage.googleapis.com/v1/projects//services/firebaseappdistribution.googleapis.com x-goog-quota-user=projects/
[debug] [2026-01-15T11:23:37.734Z] Checked if tokens are valid: true, expires at: 1768479711552
[debug] [2026-01-15T11:23:37.734Z] Checked if tokens are valid: true, expires at: 1768479711552
[debug] [2026-01-15T11:23:37.734Z] >>> [apiv2][query] GET https://serviceusage.googleapis.com/v1/projects//services/firebaseappdistribution.googleapis.com [none]
[debug] [2026-01-15T11:23:37.735Z] >>> [apiv2][(partial)header] GET https://serviceusage.googleapis.com/v1/projects//services/firebaseappdistribution.googleapis.com x-goog-quota-user=projects/
[debug] [2026-01-15T11:23:38.963Z] <<< [apiv2][status] GET https://serviceusage.googleapis.com/v1/projects//services/firebaseappdistribution.googleapis.com 400
[debug] [2026-01-15T11:23:38.963Z] <<< [apiv2][body] GET https://serviceusage.googleapis.com/v1/projects//services/firebaseappdistribution.googleapis.com [omitted]
[debug] [2026-01-15T11:23:39.226Z] <<< [apiv2][status] GET https://serviceusage.googleapis.com/v1/projects//services/firebaseappdistribution.googleapis.com 400
[debug] [2026-01-15T11:23:39.226Z] <<< [apiv2][body] GET https://serviceusage.googleapis.com/v1/projects//services/firebaseappdistribution.googleapis.com [omitted]
[debug] [2026-01-15T11:23:39.227Z] > command requires scopes: ["email","openid","https://www.googleapis.com/auth/cloudplatformprojects.readonly","https://www.googleapis.com/auth/firebase","https://www.googleapis.com/auth/cloud-platform"]
[debug] [2026-01-15T11:23:39.227Z] > authorizing via signed-in user (lumachadolp@gmail.com)
[debug] [2026-01-15T11:23:39.228Z] > command requires scopes: ["email","openid","https://www.googleapis.com/auth/cloudplatformprojects.readonly","https://www.googleapis.com/auth/firebase","https://www.googleapis.com/auth/cloud-platform"]
[debug] [2026-01-15T11:23:39.228Z] > authorizing via signed-in user (lumachadolp@gmail.com)
[debug] [2026-01-15T11:23:39.231Z] > command requires scopes: ["email","openid","https://www.googleapis.com/auth/cloudplatformprojects.readonly","https://www.googleapis.com/auth/firebase","https://www.googleapis.com/auth/cloud-platform"]
[debug] [2026-01-15T11:23:39.231Z] > authorizing via signed-in user (lumachadolp@gmail.com)
[debug] [2026-01-15T11:23:39.232Z] > command requires scopes: ["email","openid","https://www.googleapis.com/auth/cloudplatformprojects.readonly","https://www.googleapis.com/auth/firebase","https://www.googleapis.com/auth/cloud-platform"]
[debug] [2026-01-15T11:23:39.232Z] > authorizing via signed-in user (lumachadolp@gmail.com)
[debug] [2026-01-15T14:03:18.973Z] > command requires scopes: ["email","openid","https://www.googleapis.com/auth/cloudplatformprojects.readonly","https://www.googleapis.com/auth/firebase","https://www.googleapis.com/auth/cloud-platform"]
[debug] [2026-01-15T14:03:18.975Z] > authorizing via signed-in user (lumachadolp@gmail.com)
[debug] [2026-01-15T14:03:19.033Z] > command requires scopes: ["email","openid","https://www.googleapis.com/auth/cloudplatformprojects.readonly","https://www.googleapis.com/auth/firebase","https://www.googleapis.com/auth/cloud-platform"]
[debug] [2026-01-15T14:03:19.034Z] > authorizing via signed-in user (lumachadolp@gmail.com)
[debug] [2026-01-15T14:03:19.100Z] Checked if tokens are valid: false, expires at: 1768479711552
[debug] [2026-01-15T14:03:19.100Z] Checked if tokens are valid: false, expires at: 1768479711552
[debug] [2026-01-15T14:03:19.101Z] > refreshing access token with scopes: []
[debug] [2026-01-15T14:03:19.102Z] >>> [apiv2][query] POST https://www.googleapis.com/oauth2/v3/token [none]
[debug] [2026-01-15T14:03:19.103Z] >>> [apiv2][body] POST https://www.googleapis.com/oauth2/v3/token [omitted]
[debug] [2026-01-15T14:03:19.135Z] Checked if tokens are valid: false, expires at: 1768479711552
[debug] [2026-01-15T14:03:19.135Z] Checked if tokens are valid: false, expires at: 1768479711552
[debug] [2026-01-15T14:03:19.136Z] > refreshing access token with scopes: []
[debug] [2026-01-15T14:03:19.136Z] >>> [apiv2][query] POST https://www.googleapis.com/oauth2/v3/token [none]
[debug] [2026-01-15T14:03:19.136Z] >>> [apiv2][body] POST https://www.googleapis.com/oauth2/v3/token [omitted]
[debug] [2026-01-15T14:03:19.765Z] <<< [apiv2][status] POST https://www.googleapis.com/oauth2/v3/token 200
[debug] [2026-01-15T14:03:19.766Z] <<< [apiv2][body] POST https://www.googleapis.com/oauth2/v3/token [omitted]
[debug] [2026-01-15T14:03:19.780Z] >>> [apiv2][query] GET https://serviceusage.googleapis.com/v1/projects//services/firebaseappdistribution.googleapis.com [none]
[debug] [2026-01-15T14:03:19.780Z] >>> [apiv2][(partial)header] GET https://serviceusage.googleapis.com/v1/projects//services/firebaseappdistribution.googleapis.com x-goog-quota-user=projects/
[debug] [2026-01-15T14:03:19.786Z] <<< [apiv2][status] POST https://www.googleapis.com/oauth2/v3/token 200
[debug] [2026-01-15T14:03:19.786Z] <<< [apiv2][body] POST https://www.googleapis.com/oauth2/v3/token [omitted]
[debug] [2026-01-15T14:03:19.799Z] >>> [apiv2][query] GET https://serviceusage.googleapis.com/v1/projects//services/firebaseappdistribution.googleapis.com [none]
[debug] [2026-01-15T14:03:19.800Z] >>> [apiv2][(partial)header] GET https://serviceusage.googleapis.com/v1/projects//services/firebaseappdistribution.googleapis.com x-goog-quota-user=projects/
[debug] [2026-01-15T14:03:21.152Z] <<< [apiv2][status] GET https://serviceusage.googleapis.com/v1/projects//services/firebaseappdistribution.googleapis.com 400
[debug] [2026-01-15T14:03:21.152Z] <<< [apiv2][body] GET https://serviceusage.googleapis.com/v1/projects//services/firebaseappdistribution.googleapis.com [omitted]
[debug] [2026-01-15T14:03:21.159Z] <<< [apiv2][status] GET https://serviceusage.googleapis.com/v1/projects//services/firebaseappdistribution.googleapis.com 400
[debug] [2026-01-15T14:03:21.159Z] <<< [apiv2][body] GET https://serviceusage.googleapis.com/v1/projects//services/firebaseappdistribution.googleapis.com [omitted]
[debug] [2026-01-15T14:03:21.160Z] > command requires scopes: ["email","openid","https://www.googleapis.com/auth/cloudplatformprojects.readonly","https://www.googleapis.com/auth/firebase","https://www.googleapis.com/auth/cloud-platform"]
[debug] [2026-01-15T14:03:21.160Z] > authorizing via signed-in user (lumachadolp@gmail.com)
[debug] [2026-01-15T14:03:21.161Z] > command requires scopes: ["email","openid","https://www.googleapis.com/auth/cloudplatformprojects.readonly","https://www.googleapis.com/auth/firebase","https://www.googleapis.com/auth/cloud-platform"]
[debug] [2026-01-15T14:03:21.161Z] > authorizing via signed-in user (lumachadolp@gmail.com)
[debug] [2026-01-15T14:03:21.163Z] > command requires scopes: ["email","openid","https://www.googleapis.com/auth/cloudplatformprojects.readonly","https://www.googleapis.com/auth/firebase","https://www.googleapis.com/auth/cloud-platform"]
[debug] [2026-01-15T14:03:21.163Z] > authorizing via signed-in user (lumachadolp@gmail.com)
[debug] [2026-01-15T14:03:21.164Z] > command requires scopes: ["email","openid","https://www.googleapis.com/auth/cloudplatformprojects.readonly","https://www.googleapis.com/auth/firebase","https://www.googleapis.com/auth/cloud-platform"]
[debug] [2026-01-15T14:03:21.164Z] > authorizing via signed-in user (lumachadolp@gmail.com)
[debug] [2026-01-15T17:47:38.971Z] > command requires scopes: ["email","openid","https://www.googleapis.com/auth/cloudplatformprojects.readonly","https://www.googleapis.com/auth/firebase","https://www.googleapis.com/auth/cloud-platform"]
[debug] [2026-01-15T17:47:38.972Z] > authorizing via signed-in user (lumachadolp@gmail.com)
[debug] [2026-01-15T17:47:39.048Z] > command requires scopes: ["email","openid","https://www.googleapis.com/auth/cloudplatformprojects.readonly","https://www.googleapis.com/auth/firebase","https://www.googleapis.com/auth/cloud-platform"]
[debug] [2026-01-15T17:47:39.049Z] > authorizing via signed-in user (lumachadolp@gmail.com)
[debug] [2026-01-15T17:47:39.113Z] Checked if tokens are valid: false, expires at: 1768489398786
[debug] [2026-01-15T17:47:39.114Z] Checked if tokens are valid: false, expires at: 1768489398786
[debug] [2026-01-15T17:47:39.114Z] > refreshing access token with scopes: []
[debug] [2026-01-15T17:47:39.115Z] >>> [apiv2][query] POST https://www.googleapis.com/oauth2/v3/token [none]
[debug] [2026-01-15T17:47:39.116Z] >>> [apiv2][body] POST https://www.googleapis.com/oauth2/v3/token [omitted]
[debug] [2026-01-15T17:47:39.144Z] Checked if tokens are valid: false, expires at: 1768489398786
[debug] [2026-01-15T17:47:39.144Z] Checked if tokens are valid: false, expires at: 1768489398786
[debug] [2026-01-15T17:47:39.145Z] > refreshing access token with scopes: []
[debug] [2026-01-15T17:47:39.145Z] >>> [apiv2][query] POST https://www.googleapis.com/oauth2/v3/token [none]
[debug] [2026-01-15T17:47:39.145Z] >>> [apiv2][body] POST https://www.googleapis.com/oauth2/v3/token [omitted]
[debug] [2026-01-15T17:47:39.710Z] <<< [apiv2][status] POST https://www.googleapis.com/oauth2/v3/token 200
[debug] [2026-01-15T17:47:39.711Z] <<< [apiv2][body] POST https://www.googleapis.com/oauth2/v3/token [omitted]
[debug] [2026-01-15T17:47:39.725Z] >>> [apiv2][query] GET https://serviceusage.googleapis.com/v1/projects//services/firebaseappdistribution.googleapis.com [none]
[debug] [2026-01-15T17:47:39.725Z] >>> [apiv2][(partial)header] GET https://serviceusage.googleapis.com/v1/projects//services/firebaseappdistribution.googleapis.com x-goog-quota-user=projects/
[debug] [2026-01-15T17:47:39.727Z] <<< [apiv2][status] POST https://www.googleapis.com/oauth2/v3/token 200
[debug] [2026-01-15T17:47:39.728Z] <<< [apiv2][body] POST https://www.googleapis.com/oauth2/v3/token [omitted]
[debug] [2026-01-15T17:47:39.740Z] >>> [apiv2][query] GET https://serviceusage.googleapis.com/v1/projects//services/firebaseappdistribution.googleapis.com [none]
[debug] [2026-01-15T17:47:39.740Z] >>> [apiv2][(partial)header] GET https://serviceusage.googleapis.com/v1/projects//services/firebaseappdistribution.googleapis.com x-goog-quota-user=projects/
[debug] [2026-01-15T17:47:41.034Z] <<< [apiv2][status] GET https://serviceusage.googleapis.com/v1/projects//services/firebaseappdistribution.googleapis.com 400
[debug] [2026-01-15T17:47:41.034Z] <<< [apiv2][body] GET https://serviceusage.googleapis.com/v1/projects//services/firebaseappdistribution.googleapis.com [omitted]
[debug] [2026-01-15T17:47:41.036Z] <<< [apiv2][status] GET https://serviceusage.googleapis.com/v1/projects//services/firebaseappdistribution.googleapis.com 400
[debug] [2026-01-15T17:47:41.036Z] <<< [apiv2][body] GET https://serviceusage.googleapis.com/v1/projects//services/firebaseappdistribution.googleapis.com [omitted]
[debug] [2026-01-15T17:47:41.037Z] > command requires scopes: ["email","openid","https://www.googleapis.com/auth/cloudplatformprojects.readonly","https://www.googleapis.com/auth/firebase","https://www.googleapis.com/auth/cloud-platform"]
[debug] [2026-01-15T17:47:41.037Z] > authorizing via signed-in user (lumachadolp@gmail.com)
[debug] [2026-01-15T17:47:41.038Z] > command requires scopes: ["email","openid","https://www.googleapis.com/auth/cloudplatformprojects.readonly","https://www.googleapis.com/auth/firebase","https://www.googleapis.com/auth/cloud-platform"]
[debug] [2026-01-15T17:47:41.038Z] > authorizing via signed-in user (lumachadolp@gmail.com)
[debug] [2026-01-15T17:47:41.040Z] > command requires scopes: ["email","openid","https://www.googleapis.com/auth/cloudplatformprojects.readonly","https://www.googleapis.com/auth/firebase","https://www.googleapis.com/auth/cloud-platform"]
[debug] [2026-01-15T17:47:41.040Z] > authorizing via signed-in user (lumachadolp@gmail.com)
[debug] [2026-01-15T17:47:41.040Z] > command requires scopes: ["email","openid","https://www.googleapis.com/auth/cloudplatformprojects.readonly","https://www.googleapis.com/auth/firebase","https://www.googleapis.com/auth/cloud-platform"]
[debug] [2026-01-15T17:47:41.040Z] > authorizing via signed-in user (lumachadolp@gmail.com)
[debug] [2026-01-16T13:52:24.052Z] > command requires scopes: ["email","openid","https://www.googleapis.com/auth/cloudplatformprojects.readonly","https://www.googleapis.com/auth/firebase","https://www.googleapis.com/auth/cloud-platform"]
[debug] [2026-01-16T13:52:24.054Z] > authorizing via signed-in user (lumachadolp@gmail.com)
[debug] [2026-01-16T13:52:24.141Z] > command requires scopes: ["email","openid","https://www.googleapis.com/auth/cloudplatformprojects.readonly","https://www.googleapis.com/auth/firebase","https://www.googleapis.com/auth/cloud-platform"]
[debug] [2026-01-16T13:52:24.142Z] > authorizing via signed-in user (lumachadolp@gmail.com)
[debug] [2026-01-16T13:52:24.203Z] Checked if tokens are valid: false, expires at: 1768502858728
[debug] [2026-01-16T13:52:24.204Z] Checked if tokens are valid: false, expires at: 1768502858728
[debug] [2026-01-16T13:52:24.204Z] > refreshing access token with scopes: []
[debug] [2026-01-16T13:52:24.205Z] >>> [apiv2][query] POST https://www.googleapis.com/oauth2/v3/token [none]
[debug] [2026-01-16T13:52:24.205Z] >>> [apiv2][body] POST https://www.googleapis.com/oauth2/v3/token [omitted]
[debug] [2026-01-16T13:52:24.241Z] Checked if tokens are valid: false, expires at: 1768502858728
[debug] [2026-01-16T13:52:24.241Z] Checked if tokens are valid: false, expires at: 1768502858728
[debug] [2026-01-16T13:52:24.241Z] > refreshing access token with scopes: []
[debug] [2026-01-16T13:52:24.242Z] >>> [apiv2][query] POST https://www.googleapis.com/oauth2/v3/token [none]
[debug] [2026-01-16T13:52:24.242Z] >>> [apiv2][body] POST https://www.googleapis.com/oauth2/v3/token [omitted]
[debug] [2026-01-16T13:52:24.607Z] <<< [apiv2][status] POST https://www.googleapis.com/oauth2/v3/token 200
[debug] [2026-01-16T13:52:24.607Z] <<< [apiv2][body] POST https://www.googleapis.com/oauth2/v3/token [omitted]
[debug] [2026-01-16T13:52:24.620Z] >>> [apiv2][query] GET https://serviceusage.googleapis.com/v1/projects//services/firebaseappdistribution.googleapis.com [none]
[debug] [2026-01-16T13:52:24.620Z] >>> [apiv2][(partial)header] GET https://serviceusage.googleapis.com/v1/projects//services/firebaseappdistribution.googleapis.com x-goog-quota-user=projects/
[debug] [2026-01-16T13:52:24.621Z] <<< [apiv2][status] POST https://www.googleapis.com/oauth2/v3/token 200
[debug] [2026-01-16T13:52:24.621Z] <<< [apiv2][body] POST https://www.googleapis.com/oauth2/v3/token [omitted]
[debug] [2026-01-16T13:52:24.631Z] >>> [apiv2][query] GET https://serviceusage.googleapis.com/v1/projects//services/firebaseappdistribution.googleapis.com [none]
[debug] [2026-01-16T13:52:24.632Z] >>> [apiv2][(partial)header] GET https://serviceusage.googleapis.com/v1/projects//services/firebaseappdistribution.googleapis.com x-goog-quota-user=projects/
[debug] [2026-01-16T13:52:25.824Z] <<< [apiv2][status] GET https://serviceusage.googleapis.com/v1/projects//services/firebaseappdistribution.googleapis.com 400
[debug] [2026-01-16T13:52:25.824Z] <<< [apiv2][body] GET https://serviceusage.googleapis.com/v1/projects//services/firebaseappdistribution.googleapis.com [omitted]
[debug] [2026-01-16T13:52:25.825Z] > command requires scopes: ["email","openid","https://www.googleapis.com/auth/cloudplatformprojects.readonly","https://www.googleapis.com/auth/firebase","https://www.googleapis.com/auth/cloud-platform"]
[debug] [2026-01-16T13:52:25.825Z] > authorizing via signed-in user (lumachadolp@gmail.com)
[debug] [2026-01-16T13:52:25.826Z] > command requires scopes: ["email","openid","https://www.googleapis.com/auth/cloudplatformprojects.readonly","https://www.googleapis.com/auth/firebase","https://www.googleapis.com/auth/cloud-platform"]
[debug] [2026-01-16T13:52:25.826Z] > authorizing via signed-in user (lumachadolp@gmail.com)
[debug] [2026-01-16T13:52:25.829Z] > command requires scopes: ["email","openid","https://www.googleapis.com/auth/cloudplatformprojects.readonly","https://www.googleapis.com/auth/firebase","https://www.googleapis.com/auth/cloud-platform"]
[debug] [2026-01-16T13:52:25.830Z] > authorizing via signed-in user (lumachadolp@gmail.com)
[debug] [2026-01-16T13:52:25.831Z] > command requires scopes: ["email","openid","https://www.googleapis.com/auth/cloudplatformprojects.readonly","https://www.googleapis.com/auth/firebase","https://www.googleapis.com/auth/cloud-platform"]
[debug] [2026-01-16T13:52:25.831Z] > authorizing via signed-in user (lumachadolp@gmail.com)
[debug] [2026-01-16T13:52:25.835Z] <<< [apiv2][status] GET https://serviceusage.googleapis.com/v1/projects//services/firebaseappdistribution.googleapis.com 400
[debug] [2026-01-16T13:52:25.835Z] <<< [apiv2][body] GET https://serviceusage.googleapis.com/v1/projects//services/firebaseappdistribution.googleapis.com [omitted]
[debug] [2026-01-16T18:38:10.850Z] > command requires scopes: ["email","openid","https://www.googleapis.com/auth/cloudplatformprojects.readonly","https://www.googleapis.com/auth/firebase","https://www.googleapis.com/auth/cloud-platform"]
[debug] [2026-01-16T18:38:10.852Z] > authorizing via signed-in user (lumachadolp@gmail.com)
[debug] [2026-01-16T18:38:10.928Z] > command requires scopes: ["email","openid","https://www.googleapis.com/auth/cloudplatformprojects.readonly","https://www.googleapis.com/auth/firebase","https://www.googleapis.com/auth/cloud-platform"]
[debug] [2026-01-16T18:38:10.929Z] > authorizing via signed-in user (lumachadolp@gmail.com)
[debug] [2026-01-16T18:38:11.004Z] Checked if tokens are valid: false, expires at: 1768575143621
[debug] [2026-01-16T18:38:11.005Z] Checked if tokens are valid: false, expires at: 1768575143621
[debug] [2026-01-16T18:38:11.005Z] > refreshing access token with scopes: []
[debug] [2026-01-16T18:38:11.009Z] >>> [apiv2][query] POST https://www.googleapis.com/oauth2/v3/token [none]
[debug] [2026-01-16T18:38:11.009Z] >>> [apiv2][body] POST https://www.googleapis.com/oauth2/v3/token [omitted]
[debug] [2026-01-16T18:38:11.047Z] Checked if tokens are valid: false, expires at: 1768575143621
[debug] [2026-01-16T18:38:11.047Z] Checked if tokens are valid: false, expires at: 1768575143621
[debug] [2026-01-16T18:38:11.048Z] > refreshing access token with scopes: []
[debug] [2026-01-16T18:38:11.048Z] >>> [apiv2][query] POST https://www.googleapis.com/oauth2/v3/token [none]
[debug] [2026-01-16T18:38:11.048Z] >>> [apiv2][body] POST https://www.googleapis.com/oauth2/v3/token [omitted]
[debug] [2026-01-16T18:38:11.430Z] <<< [apiv2][status] POST https://www.googleapis.com/oauth2/v3/token 200
[debug] [2026-01-16T18:38:11.430Z] <<< [apiv2][body] POST https://www.googleapis.com/oauth2/v3/token [omitted]
[debug] [2026-01-16T18:38:11.453Z] >>> [apiv2][query] GET https://serviceusage.googleapis.com/v1/projects//services/firebaseappdistribution.googleapis.com [none]
[debug] [2026-01-16T18:38:11.453Z] >>> [apiv2][(partial)header] GET https://serviceusage.googleapis.com/v1/projects//services/firebaseappdistribution.googleapis.com x-goog-quota-user=projects/
[debug] [2026-01-16T18:38:11.456Z] <<< [apiv2][status] POST https://www.googleapis.com/oauth2/v3/token 200
[debug] [2026-01-16T18:38:11.456Z] <<< [apiv2][body] POST https://www.googleapis.com/oauth2/v3/token [omitted]
[debug] [2026-01-16T18:38:11.468Z] >>> [apiv2][query] GET https://serviceusage.googleapis.com/v1/projects//services/firebaseappdistribution.googleapis.com [none]
[debug] [2026-01-16T18:38:11.468Z] >>> [apiv2][(partial)header] GET https://serviceusage.googleapis.com/v1/projects//services/firebaseappdistribution.googleapis.com x-goog-quota-user=projects/
[debug] [2026-01-16T18:38:12.643Z] <<< [apiv2][status] GET https://serviceusage.googleapis.com/v1/projects//services/firebaseappdistribution.googleapis.com 400
[debug] [2026-01-16T18:38:12.643Z] <<< [apiv2][body] GET https://serviceusage.googleapis.com/v1/projects//services/firebaseappdistribution.googleapis.com [omitted]
[debug] [2026-01-16T18:38:12.644Z] > command requires scopes: ["email","openid","https://www.googleapis.com/auth/cloudplatformprojects.readonly","https://www.googleapis.com/auth/firebase","https://www.googleapis.com/auth/cloud-platform"]
[debug] [2026-01-16T18:38:12.644Z] > authorizing via signed-in user (lumachadolp@gmail.com)
[debug] [2026-01-16T18:38:12.645Z] > command requires scopes: ["email","openid","https://www.googleapis.com/auth/cloudplatformprojects.readonly","https://www.googleapis.com/auth/firebase","https://www.googleapis.com/auth/cloud-platform"]
[debug] [2026-01-16T18:38:12.645Z] > authorizing via signed-in user (lumachadolp@gmail.com)
[debug] [2026-01-16T18:38:12.648Z] > command requires scopes: ["email","openid","https://www.googleapis.com/auth/cloudplatformprojects.readonly","https://www.googleapis.com/auth/firebase","https://www.googleapis.com/auth/cloud-platform"]
[debug] [2026-01-16T18:38:12.648Z] > authorizing via signed-in user (lumachadolp@gmail.com)
[debug] [2026-01-16T18:38:12.649Z] > command requires scopes: ["email","openid","https://www.googleapis.com/auth/cloudplatformprojects.readonly","https://www.googleapis.com/auth/firebase","https://www.googleapis.com/auth/cloud-platform"]
[debug] [2026-01-16T18:38:12.649Z] > authorizing via signed-in user (lumachadolp@gmail.com)
[debug] [2026-01-16T18:38:12.655Z] <<< [apiv2][status] GET https://serviceusage.googleapis.com/v1/projects//services/firebaseappdistribution.googleapis.com 400
[debug] [2026-01-16T18:38:12.655Z] <<< [apiv2][body] GET https://serviceusage.googleapis.com/v1/projects//services/firebaseappdistribution.googleapis.com [omitted]
[debug] [2026-01-19T12:14:48.736Z] > command requires scopes: ["email","openid","https://www.googleapis.com/auth/cloudplatformprojects.readonly","https://www.googleapis.com/auth/firebase","https://www.googleapis.com/auth/cloud-platform"]
[debug] [2026-01-19T12:14:48.738Z] > authorizing via signed-in user (lumachadolp@gmail.com)
[debug] [2026-01-19T12:14:48.819Z] > command requires scopes: ["email","openid","https://www.googleapis.com/auth/cloudplatformprojects.readonly","https://www.googleapis.com/auth/firebase","https://www.googleapis.com/auth/cloud-platform"]
[debug] [2026-01-19T12:14:48.820Z] > authorizing via signed-in user (lumachadolp@gmail.com)
[debug] [2026-01-19T12:14:48.893Z] Checked if tokens are valid: false, expires at: 1768592290456
[debug] [2026-01-19T12:14:48.893Z] Checked if tokens are valid: false, expires at: 1768592290456
[debug] [2026-01-19T12:14:48.893Z] > refreshing access token with scopes: []
[debug] [2026-01-19T12:14:48.894Z] >>> [apiv2][query] POST https://www.googleapis.com/oauth2/v3/token [none]
[debug] [2026-01-19T12:14:48.894Z] >>> [apiv2][body] POST https://www.googleapis.com/oauth2/v3/token [omitted]
[debug] [2026-01-19T12:14:48.924Z] Checked if tokens are valid: false, expires at: 1768592290456
[debug] [2026-01-19T12:14:48.925Z] Checked if tokens are valid: false, expires at: 1768592290456
[debug] [2026-01-19T12:14:48.925Z] > refreshing access token with scopes: []
[debug] [2026-01-19T12:14:48.926Z] >>> [apiv2][query] POST https://www.googleapis.com/oauth2/v3/token [none]
[debug] [2026-01-19T12:14:48.926Z] >>> [apiv2][body] POST https://www.googleapis.com/oauth2/v3/token [omitted]
[debug] [2026-01-19T12:14:49.442Z] <<< [apiv2][status] POST https://www.googleapis.com/oauth2/v3/token 200
[debug] [2026-01-19T12:14:49.442Z] <<< [apiv2][body] POST https://www.googleapis.com/oauth2/v3/token [omitted]
[debug] [2026-01-19T12:14:49.477Z] >>> [apiv2][query] GET https://serviceusage.googleapis.com/v1/projects//services/firebaseappdistribution.googleapis.com [none]
[debug] [2026-01-19T12:14:49.477Z] >>> [apiv2][(partial)header] GET https://serviceusage.googleapis.com/v1/projects//services/firebaseappdistribution.googleapis.com x-goog-quota-user=projects/
[debug] [2026-01-19T12:14:49.481Z] <<< [apiv2][status] POST https://www.googleapis.com/oauth2/v3/token 200
[debug] [2026-01-19T12:14:49.481Z] <<< [apiv2][body] POST https://www.googleapis.com/oauth2/v3/token [omitted]
[debug] [2026-01-19T12:14:49.492Z] >>> [apiv2][query] GET https://serviceusage.googleapis.com/v1/projects//services/firebaseappdistribution.googleapis.com [none]
[debug] [2026-01-19T12:14:49.492Z] >>> [apiv2][(partial)header] GET https://serviceusage.googleapis.com/v1/projects//services/firebaseappdistribution.googleapis.com x-goog-quota-user=projects/
[debug] [2026-01-19T12:14:50.775Z] <<< [apiv2][status] GET https://serviceusage.googleapis.com/v1/projects//services/firebaseappdistribution.googleapis.com 400
[debug] [2026-01-19T12:14:50.775Z] <<< [apiv2][body] GET https://serviceusage.googleapis.com/v1/projects//services/firebaseappdistribution.googleapis.com [omitted]
[debug] [2026-01-19T12:14:50.799Z] <<< [apiv2][status] GET https://serviceusage.googleapis.com/v1/projects//services/firebaseappdistribution.googleapis.com 400
[debug] [2026-01-19T12:14:50.799Z] <<< [apiv2][body] GET https://serviceusage.googleapis.com/v1/projects//services/firebaseappdistribution.googleapis.com [omitted]
[debug] [2026-01-19T12:14:50.800Z] > command requires scopes: ["email","openid","https://www.googleapis.com/auth/cloudplatformprojects.readonly","https://www.googleapis.com/auth/firebase","https://www.googleapis.com/auth/cloud-platform"]
[debug] [2026-01-19T12:14:50.800Z] > authorizing via signed-in user (lumachadolp@gmail.com)
[debug] [2026-01-19T12:14:50.801Z] > command requires scopes: ["email","openid","https://www.googleapis.com/auth/cloudplatformprojects.readonly","https://www.googleapis.com/auth/firebase","https://www.googleapis.com/auth/cloud-platform"]
[debug] [2026-01-19T12:14:50.801Z] > authorizing via signed-in user (lumachadolp@gmail.com)
[debug] [2026-01-19T12:14:50.803Z] > command requires scopes: ["email","openid","https://www.googleapis.com/auth/cloudplatformprojects.readonly","https://www.googleapis.com/auth/firebase","https://www.googleapis.com/auth/cloud-platform"]
[debug] [2026-01-19T12:14:50.803Z] > authorizing via signed-in user (lumachadolp@gmail.com)
[debug] [2026-01-19T12:14:50.803Z] > command requires scopes: ["email","openid","https://www.googleapis.com/auth/cloudplatformprojects.readonly","https://www.googleapis.com/auth/firebase","https://www.googleapis.com/auth/cloud-platform"]
[debug] [2026-01-19T12:14:50.803Z] > authorizing via signed-in user (lumachadolp@gmail.com)
[debug] [2026-01-19T12:15:07.997Z] > command requires scopes: ["email","openid","https://www.googleapis.com/auth/cloudplatformprojects.readonly","https://www.googleapis.com/auth/firebase","https://www.googleapis.com/auth/cloud-platform"]
[debug] [2026-01-19T12:15:07.999Z] > authorizing via signed-in user (lumachadolp@gmail.com)
[debug] [2026-01-19T12:15:08.067Z] > command requires scopes: ["email","openid","https://www.googleapis.com/auth/cloudplatformprojects.readonly","https://www.googleapis.com/auth/firebase","https://www.googleapis.com/auth/cloud-platform"]
[debug] [2026-01-19T12:15:08.068Z] > authorizing via signed-in user (lumachadolp@gmail.com)
[debug] [2026-01-19T12:15:08.131Z] Checked if tokens are valid: true, expires at: 1768828488481
[debug] [2026-01-19T12:15:08.131Z] Checked if tokens are valid: true, expires at: 1768828488481
[debug] [2026-01-19T12:15:08.133Z] >>> [apiv2][query] GET https://serviceusage.googleapis.com/v1/projects//services/firebaseappdistribution.googleapis.com [none]
[debug] [2026-01-19T12:15:08.133Z] >>> [apiv2][(partial)header] GET https://serviceusage.googleapis.com/v1/projects//services/firebaseappdistribution.googleapis.com x-goog-quota-user=projects/
[debug] [2026-01-19T12:15:08.167Z] Checked if tokens are valid: true, expires at: 1768828488481
[debug] [2026-01-19T12:15:08.167Z] Checked if tokens are valid: true, expires at: 1768828488481
[debug] [2026-01-19T12:15:08.167Z] >>> [apiv2][query] GET https://serviceusage.googleapis.com/v1/projects//services/firebaseappdistribution.googleapis.com [none]
[debug] [2026-01-19T12:15:08.167Z] >>> [apiv2][(partial)header] GET https://serviceusage.googleapis.com/v1/projects//services/firebaseappdistribution.googleapis.com x-goog-quota-user=projects/
[debug] [2026-01-19T12:15:09.432Z] <<< [apiv2][status] GET https://serviceusage.googleapis.com/v1/projects//services/firebaseappdistribution.googleapis.com 400
[debug] [2026-01-19T12:15:09.432Z] <<< [apiv2][body] GET https://serviceusage.googleapis.com/v1/projects//services/firebaseappdistribution.googleapis.com [omitted]
[debug] [2026-01-19T12:15:09.433Z] <<< [apiv2][status] GET https://serviceusage.googleapis.com/v1/projects//services/firebaseappdistribution.googleapis.com 400
[debug] [2026-01-19T12:15:09.433Z] <<< [apiv2][body] GET https://serviceusage.googleapis.com/v1/projects//services/firebaseappdistribution.googleapis.com [omitted]
[debug] [2026-01-19T12:15:09.434Z] > command requires scopes: ["email","openid","https://www.googleapis.com/auth/cloudplatformprojects.readonly","https://www.googleapis.com/auth/firebase","https://www.googleapis.com/auth/cloud-platform"]
[debug] [2026-01-19T12:15:09.434Z] > authorizing via signed-in user (lumachadolp@gmail.com)
[debug] [2026-01-19T12:15:09.435Z] > command requires scopes: ["email","openid","https://www.googleapis.com/auth/cloudplatformprojects.readonly","https://www.googleapis.com/auth/firebase","https://www.googleapis.com/auth/cloud-platform"]
[debug] [2026-01-19T12:15:09.435Z] > authorizing via signed-in user (lumachadolp@gmail.com)
[debug] [2026-01-19T12:15:09.438Z] > command requires scopes: ["email","openid","https://www.googleapis.com/auth/cloudplatformprojects.readonly","https://www.googleapis.com/auth/firebase","https://www.googleapis.com/auth/cloud-platform"]
[debug] [2026-01-19T12:15:09.438Z] > authorizing via signed-in user (lumachadolp@gmail.com)
[debug] [2026-01-19T12:15:09.439Z] > command requires scopes: ["email","openid","https://www.googleapis.com/auth/cloudplatformprojects.readonly","https://www.googleapis.com/auth/firebase","https://www.googleapis.com/auth/cloud-platform"]
[debug] [2026-01-19T12:15:09.439Z] > authorizing via signed-in user (lumachadolp@gmail.com)
[debug] [2026-01-20T11:27:17.518Z] > command requires scopes: ["email","openid","https://www.googleapis.com/auth/cloudplatformprojects.readonly","https://www.googleapis.com/auth/firebase","https://www.googleapis.com/auth/cloud-platform"]
[debug] [2026-01-20T11:27:17.520Z] > authorizing via signed-in user (lumachadolp@gmail.com)
[debug] [2026-01-20T11:27:17.583Z] > command requires scopes: ["email","openid","https://www.googleapis.com/auth/cloudplatformprojects.readonly","https://www.googleapis.com/auth/firebase","https://www.googleapis.com/auth/cloud-platform"]
[debug] [2026-01-20T11:27:17.583Z] > authorizing via signed-in user (lumachadolp@gmail.com)
[debug] [2026-01-20T11:27:17.627Z] Checked if tokens are valid: false, expires at: 1768836226049
[debug] [2026-01-20T11:27:17.627Z] Checked if tokens are valid: false, expires at: 1768836226049
[debug] [2026-01-20T11:27:17.627Z] > refreshing access token with scopes: []
[debug] [2026-01-20T11:27:17.629Z] >>> [apiv2][query] POST https://www.googleapis.com/oauth2/v3/token [none]
[debug] [2026-01-20T11:27:17.629Z] >>> [apiv2][body] POST https://www.googleapis.com/oauth2/v3/token [omitted]
[debug] [2026-01-20T11:27:17.655Z] Checked if tokens are valid: false, expires at: 1768836226049
[debug] [2026-01-20T11:27:17.655Z] Checked if tokens are valid: false, expires at: 1768836226049
[debug] [2026-01-20T11:27:17.655Z] > refreshing access token with scopes: []
[debug] [2026-01-20T11:27:17.656Z] >>> [apiv2][query] POST https://www.googleapis.com/oauth2/v3/token [none]
[debug] [2026-01-20T11:27:17.656Z] >>> [apiv2][body] POST https://www.googleapis.com/oauth2/v3/token [omitted]
[debug] [2026-01-20T11:27:18.224Z] <<< [apiv2][status] POST https://www.googleapis.com/oauth2/v3/token 200
[debug] [2026-01-20T11:27:18.224Z] <<< [apiv2][body] POST https://www.googleapis.com/oauth2/v3/token [omitted]
[debug] [2026-01-20T11:27:18.238Z] >>> [apiv2][query] GET https://serviceusage.googleapis.com/v1/projects//services/firebaseappdistribution.googleapis.com [none]
[debug] [2026-01-20T11:27:18.238Z] >>> [apiv2][(partial)header] GET https://serviceusage.googleapis.com/v1/projects//services/firebaseappdistribution.googleapis.com x-goog-quota-user=projects/
[debug] [2026-01-20T11:27:18.241Z] <<< [apiv2][status] POST https://www.googleapis.com/oauth2/v3/token 200
[debug] [2026-01-20T11:27:18.241Z] <<< [apiv2][body] POST https://www.googleapis.com/oauth2/v3/token [omitted]
[debug] [2026-01-20T11:27:18.254Z] >>> [apiv2][query] GET https://serviceusage.googleapis.com/v1/projects//services/firebaseappdistribution.googleapis.com [none]
[debug] [2026-01-20T11:27:18.254Z] >>> [apiv2][(partial)header] GET https://serviceusage.googleapis.com/v1/projects//services/firebaseappdistribution.googleapis.com x-goog-quota-user=projects/
[debug] [2026-01-20T11:27:20.990Z] <<< [apiv2][status] GET https://serviceusage.googleapis.com/v1/projects//services/firebaseappdistribution.googleapis.com 400
[debug] [2026-01-20T11:27:20.990Z] <<< [apiv2][body] GET https://serviceusage.googleapis.com/v1/projects//services/firebaseappdistribution.googleapis.com [omitted]
[debug] [2026-01-20T11:27:21.003Z] <<< [apiv2][status] GET https://serviceusage.googleapis.com/v1/projects//services/firebaseappdistribution.googleapis.com 400
[debug] [2026-01-20T11:27:21.003Z] <<< [apiv2][body] GET https://serviceusage.googleapis.com/v1/projects//services/firebaseappdistribution.googleapis.com [omitted]
[debug] [2026-01-20T11:27:21.004Z] > command requires scopes: ["email","openid","https://www.googleapis.com/auth/cloudplatformprojects.readonly","https://www.googleapis.com/auth/firebase","https://www.googleapis.com/auth/cloud-platform"]
[debug] [2026-01-20T11:27:21.004Z] > authorizing via signed-in user (lumachadolp@gmail.com)
[debug] [2026-01-20T11:27:21.005Z] > command requires scopes: ["email","openid","https://www.googleapis.com/auth/cloudplatformprojects.readonly","https://www.googleapis.com/auth/firebase","https://www.googleapis.com/auth/cloud-platform"]
[debug] [2026-01-20T11:27:21.005Z] > authorizing via signed-in user (lumachadolp@gmail.com)
[debug] [2026-01-20T11:27:21.007Z] > command requires scopes: ["email","openid","https://www.googleapis.com/auth/cloudplatformprojects.readonly","https://www.googleapis.com/auth/firebase","https://www.googleapis.com/auth/cloud-platform"]
[debug] [2026-01-20T11:27:21.007Z] > authorizing via signed-in user (lumachadolp@gmail.com)
[debug] [2026-01-20T11:27:21.007Z] > command requires scopes: ["email","openid","https://www.googleapis.com/auth/cloudplatformprojects.readonly","https://www.googleapis.com/auth/firebase","https://www.googleapis.com/auth/cloud-platform"]
[debug] [2026-01-20T11:27:21.007Z] > authorizing via signed-in user (lumachadolp@gmail.com)
